// Jest Snapshot v1, https://goo.gl/fbAQLP

exports[`Icon render successfully 1`] = `
<svg
  className="f-icon"
>
  <use
    xlinkHref="#qq"
  />
</svg>
`;
